// Jest Snapshot v1, https://goo.gl/fbAQLP

exports[`BoxInfo component should render correctly 1`] = `
{
  "asFragment": [Function],
  "baseElement": <body>
    <div>
      <div
        class="box_info"
      >
        <img
          alt="box-icon"
          data-nimg="1"
          decoding="async"
          height="24"
          loading="eager"
          src="/_next/image?url=https%3A%2F%2Fraw.githubusercontent.com%2Fjamesmai0512%2Fimage-ecommerce%2Fmain%2Fi%251Dcons%2FShoppingCart.png&w=48&q=75"
          srcset="/_next/image?url=https%3A%2F%2Fraw.githubusercontent.com%2Fjamesmai0512%2Fimage-ecommerce%2Fmain%2Fi%251Dcons%2FShoppingCart.png&w=32&q=75 1x, /_next/image?url=https%3A%2F%2Fraw.githubusercontent.com%2Fjamesmai0512%2Fimage-ecommerce%2Fmain%2Fi%251Dcons%2FShoppingCart.png&w=48&q=75 2x"
          style="color: transparent;"
          width="24"
        />
        <h1
          class="box_info_title"
          data-testid="box-title"
        >
          Test Title
        </h1>
        <p
          class="box_info_description"
        >
          Test description
        </p>
      </div>
    </div>
  </body>,
  "container": <div>
    <div
      class="box_info"
    >
      <img
        alt="box-icon"
        data-nimg="1"
        decoding="async"
        height="24"
        loading="eager"
        src="/_next/image?url=https%3A%2F%2Fraw.githubusercontent.com%2Fjamesmai0512%2Fimage-ecommerce%2Fmain%2Fi%251Dcons%2FShoppingCart.png&w=48&q=75"
        srcset="/_next/image?url=https%3A%2F%2Fraw.githubusercontent.com%2Fjamesmai0512%2Fimage-ecommerce%2Fmain%2Fi%251Dcons%2FShoppingCart.png&w=32&q=75 1x, /_next/image?url=https%3A%2F%2Fraw.githubusercontent.com%2Fjamesmai0512%2Fimage-ecommerce%2Fmain%2Fi%251Dcons%2FShoppingCart.png&w=48&q=75 2x"
        style="color: transparent;"
        width="24"
      />
      <h1
        class="box_info_title"
        data-testid="box-title"
      >
        Test Title
      </h1>
      <p
        class="box_info_description"
      >
        Test description
      </p>
    </div>
  </div>,
  "debug": [Function],
  "findAllByAltText": [Function],
  "findAllByDisplayValue": [Function],
  "findAllByLabelText": [Function],
  "findAllByPlaceholderText": [Function],
  "findAllByRole": [Function],
  "findAllByTestId": [Function],
  "findAllByText": [Function],
  "findAllByTitle": [Function],
  "findByAltText": [Function],
  "findByDisplayValue": [Function],
  "findByLabelText": [Function],
  "findByPlaceholderText": [Function],
  "findByRole": [Function],
  "findByTestId": [Function],
  "findByText": [Function],
  "findByTitle": [Function],
  "getAllByAltText": [Function],
  "getAllByDisplayValue": [Function],
  "getAllByLabelText": [Function],
  "getAllByPlaceholderText": [Function],
  "getAllByRole": [Function],
  "getAllByTestId": [Function],
  "getAllByText": [Function],
  "getAllByTitle": [Function],
  "getByAltText": [Function],
  "getByDisplayValue": [Function],
  "getByLabelText": [Function],
  "getByPlaceholderText": [Function],
  "getByRole": [Function],
  "getByTestId": [Function],
  "getByText": [Function],
  "getByTitle": [Function],
  "queryAllByAltText": [Function],
  "queryAllByDisplayValue": [Function],
  "queryAllByLabelText": [Function],
  "queryAllByPlaceholderText": [Function],
  "queryAllByRole": [Function],
  "queryAllByTestId": [Function],
  "queryAllByText": [Function],
  "queryAllByTitle": [Function],
  "queryByAltText": [Function],
  "queryByDisplayValue": [Function],
  "queryByLabelText": [Function],
  "queryByPlaceholderText": [Function],
  "queryByRole": [Function],
  "queryByTestId": [Function],
  "queryByText": [Function],
  "queryByTitle": [Function],
  "rerender": [Function],
  "unmount": [Function],
}
`;
